// Jest Snapshot v1, https://goo.gl/fbAQLP

exports[`Home render home page 1`] = `
{
  "asFragment": [Function],
  "baseElement": <body>
    <div>
      <header
        class="navbar bg-base-100 bg-opacity-30 space-x-1"
      >
        <div
          class="navbar-start"
        >
          <div
            class="dropdown"
          >
            <label
              class="btn btn-ghost lg:hidden"
              tabindex="0"
            >
              <svg
                class="h-5 w-5"
                fill="none"
                stroke="currentColor"
                viewBox="0 0 24 24"
                xmlns="http://www.w3.org/2000/svg"
              >
                <path
                  d="M4 6h16M4 12h8m-8 6h16"
                  stroke-linecap="round"
                  stroke-linejoin="round"
                  stroke-width="2"
                />
              </svg>
            </label>
            <ul
              class="menu menu-sm dropdown-content mt-3 z-[1] p-2 shadow bg-base-100 rounded-box w-52"
              tabindex="0"
            >
              <li>
                <a
                  class="bg-yellow-300 hover:bg-yellow-400 focus:bg-yellow-400"
                  href="/"
                >
                  Home
                </a>
              </li>
              <li>
                <a
                  href="/artikel"
                >
                  Artikel
                </a>
              </li>
              <li>
                <a
                  href="/portofolio"
                >
                  Portofolio
                </a>
              </li>
            </ul>
          </div>
          <h1
            class="btn btn-ghost normal-case text-xl w-full lg:w-auto"
          >
            Muhammad Ikwal Ramadhan
          </h1>
        </div>
        <div
          class="navbar-center hidden lg:flex"
        >
          <ul
            class="menu menu-horizontal px-1 gap-2"
          >
            <li>
              <a
                class="bg-yellow-300 hover:bg-yellow-400 focus:bg-yellow-400"
                href="/"
              >
                Home
              </a>
            </li>
            <li>
              <a
                href="/artikel"
              >
                Artikel
              </a>
            </li>
            <li>
              <a
                href="/portofolio"
              >
                Portofolio
              </a>
            </li>
          </ul>
        </div>
        <div
          class="navbar-end"
        >
          <div
            class="dropdown dropdown-end"
          >
            <label
              class="btn btn-ghost btn-circle avatar"
              tabindex="0"
            >
              <div
                class="w-10 rounded-full"
              >
                <svg
                  class="w-10 h-10"
                  fill="currentColor"
                  height="1em"
                  stroke="currentColor"
                  stroke-width="0"
                  viewBox="0 0 496 512"
                  width="1em"
                  xmlns="http://www.w3.org/2000/svg"
                >
                  <path
                    d="M248 8C111 8 0 119 0 256s111 248 248 248 248-111 248-248S385 8 248 8zm0 96c48.6 0 88 39.4 88 88s-39.4 88-88 88-88-39.4-88-88 39.4-88 88-88zm0 344c-58.7 0-111.3-26.6-146.5-68.2 18.8-35.4 55.6-59.8 98.5-59.8 2.4 0 4.8.4 7.1 1.1 13 4.2 26.6 6.9 40.9 6.9 14.3 0 28-2.7 40.9-6.9 2.3-.7 4.7-1.1 7.1-1.1 42.9 0 79.7 24.4 98.5 59.8C359.3 421.4 306.7 448 248 448z"
                  />
                </svg>
              </div>
            </label>
            <ul
              class="mt-3 z-[1] p-2 shadow menu menu-sm dropdown-content bg-base-100 rounded-box w-52"
              tabindex="0"
            >
              <li>
                <a
                  class="justify-between"
                >
                  Profile
                  <span
                    class="badge"
                  >
                    New
                  </span>
                </a>
              </li>
              <li>
                <a
                  href="/admin/upload-post"
                >
                  Upload Post
                </a>
              </li>
              <li>
                <button>
                  Logout
                </button>
              </li>
            </ul>
          </div>
        </div>
      </header>
      <div
        class="bg-white"
      >
        <section
          class="bg-[#FCF8F1] bg-opacity-30 py-10 sm:py-16 lg:py-24"
        >
          <div
            class="px-4 mx-auto max-w-7xl sm:px-6 lg:px-8"
          >
            <div
              class="grid items-center grid-cols-1 gap-12 lg:grid-cols-2"
            >
              <div>
                <p
                  class="text-base font-semibold tracking-wider text-blue-600 uppercase"
                >
                  SEBUAH MEDIA UNTUK PEMBELAJAR
                </p>
                <h1
                  class="mt-4 text-4xl font-bold text-black lg:mt-8 sm:text-6xl xl:text-8xl"
                >
                  Terhubung & belajar dari saya
                </h1>
                <p
                  class="mt-4 text-base text-black lg:mt-8 sm:text-xl"
                >
                  Kembangkan karir Anda dengan cepat dengan mentor yang tepat.
                </p>
                <a
                  class="inline-flex items-center px-6 py-4 mt-8 font-semibold text-black transition-all duration-200 bg-yellow-300 rounded-full lg:mt-16 hover:bg-yellow-400 focus:bg-yellow-400"
                  href="#"
                  role="button"
                  title=""
                >
                  Join for free
                  <svg
                    class="w-6 h-6 ml-8 -mr-2"
                    fill="none"
                    stroke="currentColor"
                    viewBox="0 0 24 24"
                    xmlns="http://www.w3.org/2000/svg"
                  >
                    <path
                      d="M13 9l3 3m0 0l-3 3m3-3H8m13 0a9 9 0 11-18 0 9 9 0 0118 0z"
                      stroke-linecap="round"
                      stroke-linejoin="round"
                      stroke-width="1.5"
                    />
                  </svg>
                </a>
                <p
                  class="mt-5 text-gray-600"
                >
                  Already joined us?
                   
                  <a
                    class="text-black transition-all duration-200 hover:underline"
                    href="#"
                    title=""
                  >
                    Log in
                  </a>
                </p>
              </div>
              <div>
                <img
                  alt=""
                  class="w-full hidden lg:flex"
                  src="/bg1.jpg"
                />
              </div>
            </div>
          </div>
        </section>
      </div>
      <section
        class="py-10 bg-gray-50 sm:py-16 lg:py-24"
      >
        <div
          class="px-4 mx-auto sm:px-6 lg:px-8 max-w-7xl"
        >
          <div
            class="flex items-end justify-between"
          >
            <div
              class="flex-1 text-center lg:text-left"
            >
              <h2
                class="text-3xl font-bold leading-tight text-black sm:text-4xl lg:text-5xl"
              >
                Latest from blog
              </h2>
              <p
                class="max-w-xl mx-auto mt-4 text-base leading-relaxed text-gray-600 lg:mx-0"
              >
                Amet minim mollit non deserunt ullamco est sit aliqua dolor do amet sint. Velit officia consequat duis.
              </p>
            </div>
            <div
              class="hidden lg:flex lg:items-center lg:space-x-3"
            >
              <button
                class="flex items-center justify-center text-gray-400 transition-all duration-200 bg-transparent border border-gray-300 rounded w-9 h-9 hover:bg-blue-600 hover:text-white focus:bg-blue-600 focus:text-white"
                type="button"
              >
                <svg
                  class="w-6 h-6"
                  fill="none"
                  stroke="currentColor"
                  viewBox="0 0 24 24"
                  xmlns="http://www.w3.org/2000/svg"
                >
                  <path
                    d="M15 19l-7-7 7-7"
                    stroke-linecap="round"
                    stroke-linejoin="round"
                    stroke-width="2"
                  />
                </svg>
              </button>
              <button
                class="flex items-center justify-center text-gray-400 transition-all duration-200 bg-transparent border border-gray-300 rounded w-9 h-9 hover:bg-blue-600 hover:text-white focus:bg-blue-600 focus:text-white"
                type="button"
              >
                <svg
                  class="w-6 h-6"
                  fill="none"
                  stroke="currentColor"
                  viewBox="0 0 24 24"
                  xmlns="http://www.w3.org/2000/svg"
                >
                  <path
                    d="M9 5l7 7-7 7"
                    stroke-linecap="round"
                    stroke-linejoin="round"
                    stroke-width="2"
                  />
                </svg>
              </button>
            </div>
          </div>
          <div
            class="grid max-w-md grid-cols-1 gap-6 mx-auto mt-8 lg:mt-16 lg:grid-cols-3 lg:max-w-full"
          >
            <div
              class="overflow-hidden bg-white rounded shadow"
            >
              <div
                class="p-5"
              >
                <div
                  class="relative"
                >
                  <a
                    class="block aspect-w-4 aspect-h-3"
                    href="#"
                    title=""
                  >
                    <img
                      alt=""
                      class="object-cover w-full h-full"
                      src="https://cdn.rareblocks.xyz/collection/celebration/images/blog/2/blog-post-1.jpg"
                    />
                  </a>
                  <div
                    class="absolute top-4 left-4"
                  >
                    <span
                      class="px-4 py-2 text-xs font-semibold tracking-widest text-gray-900 uppercase bg-white rounded-full"
                    >
                       
                      Lifestyle
                       
                    </span>
                  </div>
                </div>
                <span
                  class="block mt-6 text-sm font-semibold tracking-widest text-gray-500 uppercase"
                >
                   
                  March 21, 2020
                   
                </span>
                <p
                  class="mt-5 text-2xl font-semibold"
                >
                  <a
                    class="text-black"
                    href="#"
                    title=""
                  >
                     
                    How to build coffee inside your home in 5 minutes.
                     
                  </a>
                </p>
                <p
                  class="mt-4 text-base text-gray-600"
                >
                  Amet minim mollit non deserunt ullamco est sit aliqua dolor do amet sint. Velit officia consequat duis enim velit mollit.
                </p>
                <a
                  class="inline-flex items-center justify-center pb-0.5 mt-5 text-base font-semibold text-blue-600 transition-all duration-200 border-b-2 border-transparent hover:border-blue-600 focus:border-blue-600"
                  href="#"
                  title=""
                >
                  Continue Reading
                  <svg
                    class="w-5 h-5"
                    fill="currentColor"
                    viewBox="0 0 20 20"
                    xmlns="http://www.w3.org/2000/svg"
                  >
                    <path
                      clip-rule="evenodd"
                      d="M7.293 14.707a1 1 0 010-1.414L10.586 10 7.293 6.707a1 1 0 011.414-1.414l4 4a1 1 0 010 1.414l-4 4a1 1 0 01-1.414 0z"
                      fill-rule="evenodd"
                    />
                  </svg>
                </a>
              </div>
            </div>
            <div
              class="overflow-hidden bg-white rounded shadow"
            >
              <div
                class="p-5"
              >
                <div
                  class="relative"
                >
                  <a
                    class="block aspect-w-4 aspect-h-3"
                    href="#"
                    title=""
                  >
                    <img
                      alt=""
                      class="object-cover w-full h-full"
                      src="https://cdn.rareblocks.xyz/collection/celebration/images/blog/2/blog-post-2.jpg"
                    />
                  </a>
                  <div
                    class="absolute top-4 left-4"
                  >
                    <span
                      class="px-4 py-2 text-xs font-semibold tracking-widest text-gray-900 uppercase bg-white rounded-full"
                    >
                       
                      Marketing
                       
                    </span>
                  </div>
                </div>
                <span
                  class="block mt-6 text-sm font-semibold tracking-widest text-gray-500 uppercase"
                >
                   
                  April 04, 2020
                   
                </span>
                <p
                  class="mt-5 text-2xl font-semibold"
                >
                  <a
                    class="text-black"
                    href="#"
                    title=""
                  >
                     
                    Ho7 Tips to run your remote team faster and better.
                     
                  </a>
                </p>
                <p
                  class="mt-4 text-base text-gray-600"
                >
                  Amet minim mollit non deserunt ullamco est sit aliqua dolor do amet sint. Velit officia consequat duis enim velit mollit.
                </p>
                <a
                  class="inline-flex items-center justify-center pb-0.5 mt-5 text-base font-semibold text-blue-600 transition-all duration-200 border-b-2 border-transparent hover:border-blue-600 focus:border-blue-600"
                  href="#"
                  title=""
                >
                  Continue Reading
                  <svg
                    class="w-5 h-5"
                    fill="currentColor"
                    viewBox="0 0 20 20"
                    xmlns="http://www.w3.org/2000/svg"
                  >
                    <path
                      clip-rule="evenodd"
                      d="M7.293 14.707a1 1 0 010-1.414L10.586 10 7.293 6.707a1 1 0 011.414-1.414l4 4a1 1 0 010 1.414l-4 4a1 1 0 01-1.414 0z"
                      fill-rule="evenodd"
                    />
                  </svg>
                </a>
              </div>
            </div>
            <div
              class="overflow-hidden bg-white rounded shadow"
            >
              <div
                class="p-5"
              >
                <div
                  class="relative"
                >
                  <a
                    class="block aspect-w-4 aspect-h-3"
                    href="#"
                    title=""
                  >
                    <img
                      alt=""
                      class="object-cover w-full h-full"
                      src="https://cdn.rareblocks.xyz/collection/celebration/images/blog/2/blog-post-3.jpg"
                    />
                  </a>
                  <div
                    class="absolute top-4 left-4"
                  >
                    <span
                      class="px-4 py-2 text-xs font-semibold tracking-widest text-gray-900 uppercase bg-white rounded-full"
                    >
                       
                      Productivity
                       
                    </span>
                  </div>
                </div>
                <span
                  class="block mt-6 text-sm font-semibold tracking-widest text-gray-500 uppercase"
                >
                   
                  May 12, 2020
                   
                </span>
                <p
                  class="mt-5 text-2xl font-semibold"
                >
                  <a
                    class="text-black"
                    href="#"
                    title=""
                  >
                     
                    5 Productivity tips to write faster at morning.
                     
                  </a>
                </p>
                <p
                  class="mt-4 text-base text-gray-600"
                >
                  Amet minim mollit non deserunt ullamco est sit aliqua dolor do amet sint. Velit officia consequat duis enim velit mollit.
                </p>
                <a
                  class="inline-flex items-center justify-center pb-0.5 mt-5 text-base font-semibold text-blue-600 transition-all duration-200 border-b-2 border-transparent hover:border-blue-600 focus:border-blue-600"
                  href="#"
                  title=""
                >
                  Continue Reading
                  <svg
                    class="w-5 h-5"
                    fill="currentColor"
                    viewBox="0 0 20 20"
                    xmlns="http://www.w3.org/2000/svg"
                  >
                    <path
                      clip-rule="evenodd"
                      d="M7.293 14.707a1 1 0 010-1.414L10.586 10 7.293 6.707a1 1 0 011.414-1.414l4 4a1 1 0 010 1.414l-4 4a1 1 0 01-1.414 0z"
                      fill-rule="evenodd"
                    />
                  </svg>
                </a>
              </div>
            </div>
          </div>
          <div
            class="flex items-center justify-center mt-8 space-x-3 lg:hidden"
          >
            <button
              class="flex items-center justify-center text-gray-400 transition-all duration-200 bg-transparent border border-gray-300 rounded w-9 h-9 hover:bg-blue-600 hover:text-white focus:bg-blue-600 focus:text-white"
              type="button"
            >
              <svg
                class="w-6 h-6"
                fill="none"
                stroke="currentColor"
                viewBox="0 0 24 24"
                xmlns="http://www.w3.org/2000/svg"
              >
                <path
                  d="M15 19l-7-7 7-7"
                  stroke-linecap="round"
                  stroke-linejoin="round"
                  stroke-width="2"
                />
              </svg>
            </button>
            <button
              class="flex items-center justify-center text-gray-400 transition-all duration-200 bg-transparent border border-gray-300 rounded w-9 h-9 hover:bg-blue-600 hover:text-white focus:bg-blue-600 focus:text-white"
              type="button"
            >
              <svg
                class="w-6 h-6"
                fill="none"
                stroke="currentColor"
                viewBox="0 0 24 24"
                xmlns="http://www.w3.org/2000/svg"
              >
                <path
                  d="M9 5l7 7-7 7"
                  stroke-linecap="round"
                  stroke-linejoin="round"
                  stroke-width="2"
                />
              </svg>
            </button>
          </div>
        </div>
      </section>
       
      <footer
        class="footer p-10 bg-neutral text-neutral-content"
      >
        <div>
          <svg
            class="fill-current"
            clip-rule="evenodd"
            fill-rule="evenodd"
            height="50"
            viewBox="0 0 24 24"
            width="50"
            xmlns="http://www.w3.org/2000/svg"
          >
            <path
              d="M22.672 15.226l-2.432.811.841 2.515c.33 1.019-.209 2.127-1.23 2.456-1.15.325-2.148-.321-2.463-1.226l-.84-2.518-5.013 1.677.84 2.517c.391 1.203-.434 2.542-1.831 2.542-.88 0-1.601-.564-1.86-1.314l-.842-2.516-2.431.809c-1.135.328-2.145-.317-2.463-1.229-.329-1.018.211-2.127 1.231-2.456l2.432-.809-1.621-4.823-2.432.808c-1.355.384-2.558-.59-2.558-1.839 0-.817.509-1.582 1.327-1.846l2.433-.809-.842-2.515c-.33-1.02.211-2.129 1.232-2.458 1.02-.329 2.13.209 2.461 1.229l.842 2.515 5.011-1.677-.839-2.517c-.403-1.238.484-2.553 1.843-2.553.819 0 1.585.509 1.85 1.326l.841 2.517 2.431-.81c1.02-.33 2.131.211 2.461 1.229.332 1.018-.21 2.126-1.23 2.456l-2.433.809 1.622 4.823 2.433-.809c1.242-.401 2.557.484 2.557 1.838 0 .819-.51 1.583-1.328 1.847m-8.992-6.428l-5.01 1.675 1.619 4.828 5.011-1.674-1.62-4.829z"
            />
          </svg>
          <p>
            Muhammad Ikwal Ramadhan.
          </p>
        </div>
        <div>
          <span
            class="footer-title"
          >
            Social
          </span>
          <div
            class="grid grid-flow-col gap-4"
          >
            <a>
              <svg
                class="w-8 h-8"
                fill="currentColor"
                height="1em"
                stroke="currentColor"
                stroke-width="0"
                viewBox="0 0 512 512"
                width="1em"
                xmlns="http://www.w3.org/2000/svg"
              >
                <path
                  d="M349.33 69.33a93.62 93.62 0 0193.34 93.34v186.66a93.62 93.62 0 01-93.34 93.34H162.67a93.62 93.62 0 01-93.34-93.34V162.67a93.62 93.62 0 0193.34-93.34h186.66m0-37.33H162.67C90.8 32 32 90.8 32 162.67v186.66C32 421.2 90.8 480 162.67 480h186.66C421.2 480 480 421.2 480 349.33V162.67C480 90.8 421.2 32 349.33 32z"
                />
                <path
                  d="M377.33 162.67a28 28 0 1128-28 27.94 27.94 0 01-28 28zM256 181.33A74.67 74.67 0 11181.33 256 74.75 74.75 0 01256 181.33m0-37.33a112 112 0 10112 112 112 112 0 00-112-112z"
                />
              </svg>
            </a>
            <a>
              <svg
                class="w-8 h-8"
                fill="currentColor"
                height="1em"
                stroke="currentColor"
                stroke-width="0"
                viewBox="0 0 512 512"
                width="1em"
                xmlns="http://www.w3.org/2000/svg"
              >
                <path
                  d="M256 32C132.3 32 32 134.9 32 261.7c0 101.5 64.2 187.5 153.2 217.9a17.56 17.56 0 003.8.4c8.3 0 11.5-6.1 11.5-11.4 0-5.5-.2-19.9-.3-39.1a102.4 102.4 0 01-22.6 2.7c-43.1 0-52.9-33.5-52.9-33.5-10.2-26.5-24.9-33.6-24.9-33.6-19.5-13.7-.1-14.1 1.4-14.1h.1c22.5 2 34.3 23.8 34.3 23.8 11.2 19.6 26.2 25.1 39.6 25.1a63 63 0 0025.6-6c2-14.8 7.8-24.9 14.2-30.7-49.7-5.8-102-25.5-102-113.5 0-25.1 8.7-45.6 23-61.6-2.3-5.8-10-29.2 2.2-60.8a18.64 18.64 0 015-.5c8.1 0 26.4 3.1 56.6 24.1a208.21 208.21 0 01112.2 0c30.2-21 48.5-24.1 56.6-24.1a18.64 18.64 0 015 .5c12.2 31.6 4.5 55 2.2 60.8 14.3 16.1 23 36.6 23 61.6 0 88.2-52.4 107.6-102.3 113.3 8 7.1 15.2 21.1 15.2 42.5 0 30.7-.3 55.5-.3 63 0 5.4 3.1 11.5 11.4 11.5a19.35 19.35 0 004-.4C415.9 449.2 480 363.1 480 261.7 480 134.9 379.7 32 256 32z"
                />
              </svg>
            </a>
          </div>
        </div>
      </footer>
    </div>
  </body>,
  "container": <div>
    <header
      class="navbar bg-base-100 bg-opacity-30 space-x-1"
    >
      <div
        class="navbar-start"
      >
        <div
          class="dropdown"
        >
          <label
            class="btn btn-ghost lg:hidden"
            tabindex="0"
          >
            <svg
              class="h-5 w-5"
              fill="none"
              stroke="currentColor"
              viewBox="0 0 24 24"
              xmlns="http://www.w3.org/2000/svg"
            >
              <path
                d="M4 6h16M4 12h8m-8 6h16"
                stroke-linecap="round"
                stroke-linejoin="round"
                stroke-width="2"
              />
            </svg>
          </label>
          <ul
            class="menu menu-sm dropdown-content mt-3 z-[1] p-2 shadow bg-base-100 rounded-box w-52"
            tabindex="0"
          >
            <li>
              <a
                class="bg-yellow-300 hover:bg-yellow-400 focus:bg-yellow-400"
                href="/"
              >
                Home
              </a>
            </li>
            <li>
              <a
                href="/artikel"
              >
                Artikel
              </a>
            </li>
            <li>
              <a
                href="/portofolio"
              >
                Portofolio
              </a>
            </li>
          </ul>
        </div>
        <h1
          class="btn btn-ghost normal-case text-xl w-full lg:w-auto"
        >
          Muhammad Ikwal Ramadhan
        </h1>
      </div>
      <div
        class="navbar-center hidden lg:flex"
      >
        <ul
          class="menu menu-horizontal px-1 gap-2"
        >
          <li>
            <a
              class="bg-yellow-300 hover:bg-yellow-400 focus:bg-yellow-400"
              href="/"
            >
              Home
            </a>
          </li>
          <li>
            <a
              href="/artikel"
            >
              Artikel
            </a>
          </li>
          <li>
            <a
              href="/portofolio"
            >
              Portofolio
            </a>
          </li>
        </ul>
      </div>
      <div
        class="navbar-end"
      >
        <div
          class="dropdown dropdown-end"
        >
          <label
            class="btn btn-ghost btn-circle avatar"
            tabindex="0"
          >
            <div
              class="w-10 rounded-full"
            >
              <svg
                class="w-10 h-10"
                fill="currentColor"
                height="1em"
                stroke="currentColor"
                stroke-width="0"
                viewBox="0 0 496 512"
                width="1em"
                xmlns="http://www.w3.org/2000/svg"
              >
                <path
                  d="M248 8C111 8 0 119 0 256s111 248 248 248 248-111 248-248S385 8 248 8zm0 96c48.6 0 88 39.4 88 88s-39.4 88-88 88-88-39.4-88-88 39.4-88 88-88zm0 344c-58.7 0-111.3-26.6-146.5-68.2 18.8-35.4 55.6-59.8 98.5-59.8 2.4 0 4.8.4 7.1 1.1 13 4.2 26.6 6.9 40.9 6.9 14.3 0 28-2.7 40.9-6.9 2.3-.7 4.7-1.1 7.1-1.1 42.9 0 79.7 24.4 98.5 59.8C359.3 421.4 306.7 448 248 448z"
                />
              </svg>
            </div>
          </label>
          <ul
            class="mt-3 z-[1] p-2 shadow menu menu-sm dropdown-content bg-base-100 rounded-box w-52"
            tabindex="0"
          >
            <li>
              <a
                class="justify-between"
              >
                Profile
                <span
                  class="badge"
                >
                  New
                </span>
              </a>
            </li>
            <li>
              <a
                href="/admin/upload-post"
              >
                Upload Post
              </a>
            </li>
            <li>
              <button>
                Logout
              </button>
            </li>
          </ul>
        </div>
      </div>
    </header>
    <div
      class="bg-white"
    >
      <section
        class="bg-[#FCF8F1] bg-opacity-30 py-10 sm:py-16 lg:py-24"
      >
        <div
          class="px-4 mx-auto max-w-7xl sm:px-6 lg:px-8"
        >
          <div
            class="grid items-center grid-cols-1 gap-12 lg:grid-cols-2"
          >
            <div>
              <p
                class="text-base font-semibold tracking-wider text-blue-600 uppercase"
              >
                SEBUAH MEDIA UNTUK PEMBELAJAR
              </p>
              <h1
                class="mt-4 text-4xl font-bold text-black lg:mt-8 sm:text-6xl xl:text-8xl"
              >
                Terhubung & belajar dari saya
              </h1>
              <p
                class="mt-4 text-base text-black lg:mt-8 sm:text-xl"
              >
                Kembangkan karir Anda dengan cepat dengan mentor yang tepat.
              </p>
              <a
                class="inline-flex items-center px-6 py-4 mt-8 font-semibold text-black transition-all duration-200 bg-yellow-300 rounded-full lg:mt-16 hover:bg-yellow-400 focus:bg-yellow-400"
                href="#"
                role="button"
                title=""
              >
                Join for free
                <svg
                  class="w-6 h-6 ml-8 -mr-2"
                  fill="none"
                  stroke="currentColor"
                  viewBox="0 0 24 24"
                  xmlns="http://www.w3.org/2000/svg"
                >
                  <path
                    d="M13 9l3 3m0 0l-3 3m3-3H8m13 0a9 9 0 11-18 0 9 9 0 0118 0z"
                    stroke-linecap="round"
                    stroke-linejoin="round"
                    stroke-width="1.5"
                  />
                </svg>
              </a>
              <p
                class="mt-5 text-gray-600"
              >
                Already joined us?
                 
                <a
                  class="text-black transition-all duration-200 hover:underline"
                  href="#"
                  title=""
                >
                  Log in
                </a>
              </p>
            </div>
            <div>
              <img
                alt=""
                class="w-full hidden lg:flex"
                src="/bg1.jpg"
              />
            </div>
          </div>
        </div>
      </section>
    </div>
    <section
      class="py-10 bg-gray-50 sm:py-16 lg:py-24"
    >
      <div
        class="px-4 mx-auto sm:px-6 lg:px-8 max-w-7xl"
      >
        <div
          class="flex items-end justify-between"
        >
          <div
            class="flex-1 text-center lg:text-left"
          >
            <h2
              class="text-3xl font-bold leading-tight text-black sm:text-4xl lg:text-5xl"
            >
              Latest from blog
            </h2>
            <p
              class="max-w-xl mx-auto mt-4 text-base leading-relaxed text-gray-600 lg:mx-0"
            >
              Amet minim mollit non deserunt ullamco est sit aliqua dolor do amet sint. Velit officia consequat duis.
            </p>
          </div>
          <div
            class="hidden lg:flex lg:items-center lg:space-x-3"
          >
            <button
              class="flex items-center justify-center text-gray-400 transition-all duration-200 bg-transparent border border-gray-300 rounded w-9 h-9 hover:bg-blue-600 hover:text-white focus:bg-blue-600 focus:text-white"
              type="button"
            >
              <svg
                class="w-6 h-6"
                fill="none"
                stroke="currentColor"
                viewBox="0 0 24 24"
                xmlns="http://www.w3.org/2000/svg"
              >
                <path
                  d="M15 19l-7-7 7-7"
                  stroke-linecap="round"
                  stroke-linejoin="round"
                  stroke-width="2"
                />
              </svg>
            </button>
            <button
              class="flex items-center justify-center text-gray-400 transition-all duration-200 bg-transparent border border-gray-300 rounded w-9 h-9 hover:bg-blue-600 hover:text-white focus:bg-blue-600 focus:text-white"
              type="button"
            >
              <svg
                class="w-6 h-6"
                fill="none"
                stroke="currentColor"
                viewBox="0 0 24 24"
                xmlns="http://www.w3.org/2000/svg"
              >
                <path
                  d="M9 5l7 7-7 7"
                  stroke-linecap="round"
                  stroke-linejoin="round"
                  stroke-width="2"
                />
              </svg>
            </button>
          </div>
        </div>
        <div
          class="grid max-w-md grid-cols-1 gap-6 mx-auto mt-8 lg:mt-16 lg:grid-cols-3 lg:max-w-full"
        >
          <div
            class="overflow-hidden bg-white rounded shadow"
          >
            <div
              class="p-5"
            >
              <div
                class="relative"
              >
                <a
                  class="block aspect-w-4 aspect-h-3"
                  href="#"
                  title=""
                >
                  <img
                    alt=""
                    class="object-cover w-full h-full"
                    src="https://cdn.rareblocks.xyz/collection/celebration/images/blog/2/blog-post-1.jpg"
                  />
                </a>
                <div
                  class="absolute top-4 left-4"
                >
                  <span
                    class="px-4 py-2 text-xs font-semibold tracking-widest text-gray-900 uppercase bg-white rounded-full"
                  >
                     
                    Lifestyle
                     
                  </span>
                </div>
              </div>
              <span
                class="block mt-6 text-sm font-semibold tracking-widest text-gray-500 uppercase"
              >
                 
                March 21, 2020
                 
              </span>
              <p
                class="mt-5 text-2xl font-semibold"
              >
                <a
                  class="text-black"
                  href="#"
                  title=""
                >
                   
                  How to build coffee inside your home in 5 minutes.
                   
                </a>
              </p>
              <p
                class="mt-4 text-base text-gray-600"
              >
                Amet minim mollit non deserunt ullamco est sit aliqua dolor do amet sint. Velit officia consequat duis enim velit mollit.
              </p>
              <a
                class="inline-flex items-center justify-center pb-0.5 mt-5 text-base font-semibold text-blue-600 transition-all duration-200 border-b-2 border-transparent hover:border-blue-600 focus:border-blue-600"
                href="#"
                title=""
              >
                Continue Reading
                <svg
                  class="w-5 h-5"
                  fill="currentColor"
                  viewBox="0 0 20 20"
                  xmlns="http://www.w3.org/2000/svg"
                >
                  <path
                    clip-rule="evenodd"
                    d="M7.293 14.707a1 1 0 010-1.414L10.586 10 7.293 6.707a1 1 0 011.414-1.414l4 4a1 1 0 010 1.414l-4 4a1 1 0 01-1.414 0z"
                    fill-rule="evenodd"
                  />
                </svg>
              </a>
            </div>
          </div>
          <div
            class="overflow-hidden bg-white rounded shadow"
          >
            <div
              class="p-5"
            >
              <div
                class="relative"
              >
                <a
                  class="block aspect-w-4 aspect-h-3"
                  href="#"
                  title=""
                >
                  <img
                    alt=""
                    class="object-cover w-full h-full"
                    src="https://cdn.rareblocks.xyz/collection/celebration/images/blog/2/blog-post-2.jpg"
                  />
                </a>
                <div
                  class="absolute top-4 left-4"
                >
                  <span
                    class="px-4 py-2 text-xs font-semibold tracking-widest text-gray-900 uppercase bg-white rounded-full"
                  >
                     
                    Marketing
                     
                  </span>
                </div>
              </div>
              <span
                class="block mt-6 text-sm font-semibold tracking-widest text-gray-500 uppercase"
              >
                 
                April 04, 2020
                 
              </span>
              <p
                class="mt-5 text-2xl font-semibold"
              >
                <a
                  class="text-black"
                  href="#"
                  title=""
                >
                   
                  Ho7 Tips to run your remote team faster and better.
                   
                </a>
              </p>
              <p
                class="mt-4 text-base text-gray-600"
              >
                Amet minim mollit non deserunt ullamco est sit aliqua dolor do amet sint. Velit officia consequat duis enim velit mollit.
              </p>
              <a
                class="inline-flex items-center justify-center pb-0.5 mt-5 text-base font-semibold text-blue-600 transition-all duration-200 border-b-2 border-transparent hover:border-blue-600 focus:border-blue-600"
                href="#"
                title=""
              >
                Continue Reading
                <svg
                  class="w-5 h-5"
                  fill="currentColor"
                  viewBox="0 0 20 20"
                  xmlns="http://www.w3.org/2000/svg"
                >
                  <path
                    clip-rule="evenodd"
                    d="M7.293 14.707a1 1 0 010-1.414L10.586 10 7.293 6.707a1 1 0 011.414-1.414l4 4a1 1 0 010 1.414l-4 4a1 1 0 01-1.414 0z"
                    fill-rule="evenodd"
                  />
                </svg>
              </a>
            </div>
          </div>
          <div
            class="overflow-hidden bg-white rounded shadow"
          >
            <div
              class="p-5"
            >
              <div
                class="relative"
              >
                <a
                  class="block aspect-w-4 aspect-h-3"
                  href="#"
                  title=""
                >
                  <img
                    alt=""
                    class="object-cover w-full h-full"
                    src="https://cdn.rareblocks.xyz/collection/celebration/images/blog/2/blog-post-3.jpg"
                  />
                </a>
                <div
                  class="absolute top-4 left-4"
                >
                  <span
                    class="px-4 py-2 text-xs font-semibold tracking-widest text-gray-900 uppercase bg-white rounded-full"
                  >
                     
                    Productivity
                     
                  </span>
                </div>
              </div>
              <span
                class="block mt-6 text-sm font-semibold tracking-widest text-gray-500 uppercase"
              >
                 
                May 12, 2020
                 
              </span>
              <p
                class="mt-5 text-2xl font-semibold"
              >
                <a
                  class="text-black"
                  href="#"
                  title=""
                >
                   
                  5 Productivity tips to write faster at morning.
                   
                </a>
              </p>
              <p
                class="mt-4 text-base text-gray-600"
              >
                Amet minim mollit non deserunt ullamco est sit aliqua dolor do amet sint. Velit officia consequat duis enim velit mollit.
              </p>
              <a
                class="inline-flex items-center justify-center pb-0.5 mt-5 text-base font-semibold text-blue-600 transition-all duration-200 border-b-2 border-transparent hover:border-blue-600 focus:border-blue-600"
                href="#"
                title=""
              >
                Continue Reading
                <svg
                  class="w-5 h-5"
                  fill="currentColor"
                  viewBox="0 0 20 20"
                  xmlns="http://www.w3.org/2000/svg"
                >
                  <path
                    clip-rule="evenodd"
                    d="M7.293 14.707a1 1 0 010-1.414L10.586 10 7.293 6.707a1 1 0 011.414-1.414l4 4a1 1 0 010 1.414l-4 4a1 1 0 01-1.414 0z"
                    fill-rule="evenodd"
                  />
                </svg>
              </a>
            </div>
          </div>
        </div>
        <div
          class="flex items-center justify-center mt-8 space-x-3 lg:hidden"
        >
          <button
            class="flex items-center justify-center text-gray-400 transition-all duration-200 bg-transparent border border-gray-300 rounded w-9 h-9 hover:bg-blue-600 hover:text-white focus:bg-blue-600 focus:text-white"
            type="button"
          >
            <svg
              class="w-6 h-6"
              fill="none"
              stroke="currentColor"
              viewBox="0 0 24 24"
              xmlns="http://www.w3.org/2000/svg"
            >
              <path
                d="M15 19l-7-7 7-7"
                stroke-linecap="round"
                stroke-linejoin="round"
                stroke-width="2"
              />
            </svg>
          </button>
          <button
            class="flex items-center justify-center text-gray-400 transition-all duration-200 bg-transparent border border-gray-300 rounded w-9 h-9 hover:bg-blue-600 hover:text-white focus:bg-blue-600 focus:text-white"
            type="button"
          >
            <svg
              class="w-6 h-6"
              fill="none"
              stroke="currentColor"
              viewBox="0 0 24 24"
              xmlns="http://www.w3.org/2000/svg"
            >
              <path
                d="M9 5l7 7-7 7"
                stroke-linecap="round"
                stroke-linejoin="round"
                stroke-width="2"
              />
            </svg>
          </button>
        </div>
      </div>
    </section>
     
    <footer
      class="footer p-10 bg-neutral text-neutral-content"
    >
      <div>
        <svg
          class="fill-current"
          clip-rule="evenodd"
          fill-rule="evenodd"
          height="50"
          viewBox="0 0 24 24"
          width="50"
          xmlns="http://www.w3.org/2000/svg"
        >
          <path
            d="M22.672 15.226l-2.432.811.841 2.515c.33 1.019-.209 2.127-1.23 2.456-1.15.325-2.148-.321-2.463-1.226l-.84-2.518-5.013 1.677.84 2.517c.391 1.203-.434 2.542-1.831 2.542-.88 0-1.601-.564-1.86-1.314l-.842-2.516-2.431.809c-1.135.328-2.145-.317-2.463-1.229-.329-1.018.211-2.127 1.231-2.456l2.432-.809-1.621-4.823-2.432.808c-1.355.384-2.558-.59-2.558-1.839 0-.817.509-1.582 1.327-1.846l2.433-.809-.842-2.515c-.33-1.02.211-2.129 1.232-2.458 1.02-.329 2.13.209 2.461 1.229l.842 2.515 5.011-1.677-.839-2.517c-.403-1.238.484-2.553 1.843-2.553.819 0 1.585.509 1.85 1.326l.841 2.517 2.431-.81c1.02-.33 2.131.211 2.461 1.229.332 1.018-.21 2.126-1.23 2.456l-2.433.809 1.622 4.823 2.433-.809c1.242-.401 2.557.484 2.557 1.838 0 .819-.51 1.583-1.328 1.847m-8.992-6.428l-5.01 1.675 1.619 4.828 5.011-1.674-1.62-4.829z"
          />
        </svg>
        <p>
          Muhammad Ikwal Ramadhan.
        </p>
      </div>
      <div>
        <span
          class="footer-title"
        >
          Social
        </span>
        <div
          class="grid grid-flow-col gap-4"
        >
          <a>
            <svg
              class="w-8 h-8"
              fill="currentColor"
              height="1em"
              stroke="currentColor"
              stroke-width="0"
              viewBox="0 0 512 512"
              width="1em"
              xmlns="http://www.w3.org/2000/svg"
            >
              <path
                d="M349.33 69.33a93.62 93.62 0 0193.34 93.34v186.66a93.62 93.62 0 01-93.34 93.34H162.67a93.62 93.62 0 01-93.34-93.34V162.67a93.62 93.62 0 0193.34-93.34h186.66m0-37.33H162.67C90.8 32 32 90.8 32 162.67v186.66C32 421.2 90.8 480 162.67 480h186.66C421.2 480 480 421.2 480 349.33V162.67C480 90.8 421.2 32 349.33 32z"
              />
              <path
                d="M377.33 162.67a28 28 0 1128-28 27.94 27.94 0 01-28 28zM256 181.33A74.67 74.67 0 11181.33 256 74.75 74.75 0 01256 181.33m0-37.33a112 112 0 10112 112 112 112 0 00-112-112z"
              />
            </svg>
          </a>
          <a>
            <svg
              class="w-8 h-8"
              fill="currentColor"
              height="1em"
              stroke="currentColor"
              stroke-width="0"
              viewBox="0 0 512 512"
              width="1em"
              xmlns="http://www.w3.org/2000/svg"
            >
              <path
                d="M256 32C132.3 32 32 134.9 32 261.7c0 101.5 64.2 187.5 153.2 217.9a17.56 17.56 0 003.8.4c8.3 0 11.5-6.1 11.5-11.4 0-5.5-.2-19.9-.3-39.1a102.4 102.4 0 01-22.6 2.7c-43.1 0-52.9-33.5-52.9-33.5-10.2-26.5-24.9-33.6-24.9-33.6-19.5-13.7-.1-14.1 1.4-14.1h.1c22.5 2 34.3 23.8 34.3 23.8 11.2 19.6 26.2 25.1 39.6 25.1a63 63 0 0025.6-6c2-14.8 7.8-24.9 14.2-30.7-49.7-5.8-102-25.5-102-113.5 0-25.1 8.7-45.6 23-61.6-2.3-5.8-10-29.2 2.2-60.8a18.64 18.64 0 015-.5c8.1 0 26.4 3.1 56.6 24.1a208.21 208.21 0 01112.2 0c30.2-21 48.5-24.1 56.6-24.1a18.64 18.64 0 015 .5c12.2 31.6 4.5 55 2.2 60.8 14.3 16.1 23 36.6 23 61.6 0 88.2-52.4 107.6-102.3 113.3 8 7.1 15.2 21.1 15.2 42.5 0 30.7-.3 55.5-.3 63 0 5.4 3.1 11.5 11.4 11.5a19.35 19.35 0 004-.4C415.9 449.2 480 363.1 480 261.7 480 134.9 379.7 32 256 32z"
              />
            </svg>
          </a>
        </div>
      </div>
    </footer>
  </div>,
  "debug": [Function],
  "findAllByAltText": [Function],
  "findAllByDisplayValue": [Function],
  "findAllByLabelText": [Function],
  "findAllByPlaceholderText": [Function],
  "findAllByRole": [Function],
  "findAllByTestId": [Function],
  "findAllByText": [Function],
  "findAllByTitle": [Function],
  "findByAltText": [Function],
  "findByDisplayValue": [Function],
  "findByLabelText": [Function],
  "findByPlaceholderText": [Function],
  "findByRole": [Function],
  "findByTestId": [Function],
  "findByText": [Function],
  "findByTitle": [Function],
  "getAllByAltText": [Function],
  "getAllByDisplayValue": [Function],
  "getAllByLabelText": [Function],
  "getAllByPlaceholderText": [Function],
  "getAllByRole": [Function],
  "getAllByTestId": [Function],
  "getAllByText": [Function],
  "getAllByTitle": [Function],
  "getByAltText": [Function],
  "getByDisplayValue": [Function],
  "getByLabelText": [Function],
  "getByPlaceholderText": [Function],
  "getByRole": [Function],
  "getByTestId": [Function],
  "getByText": [Function],
  "getByTitle": [Function],
  "queryAllByAltText": [Function],
  "queryAllByDisplayValue": [Function],
  "queryAllByLabelText": [Function],
  "queryAllByPlaceholderText": [Function],
  "queryAllByRole": [Function],
  "queryAllByTestId": [Function],
  "queryAllByText": [Function],
  "queryAllByTitle": [Function],
  "queryByAltText": [Function],
  "queryByDisplayValue": [Function],
  "queryByLabelText": [Function],
  "queryByPlaceholderText": [Function],
  "queryByRole": [Function],
  "queryByTestId": [Function],
  "queryByText": [Function],
  "queryByTitle": [Function],
  "rerender": [Function],
  "unmount": [Function],
}
`;
